This is pdfTeX, Version 3.141592653-2.6-1.40.29 (MiKTeX 26.5) (preloaded format=pdflatex 2026.9.7)  23 SEP 2026 17:20
entering extended mode
 restricted \write18 enabled.
 file:line:error style messages enabled.
 %&-line parsing enabled.
**/home/afkam/SIGAP_Sistem_informasi-_Gawat_Aduan_Perundungan/SIGAP.tex
(/home/afkam/SIGAP_Sistem_informasi-_Gawat_Aduan_Perundungan/SIGAP.tex
LaTeX2e <2026-06-01>
L3 programming layer <2026-08-10>
(/home/afkam/.miktex/texmfs/install/tex/latex/ieeetran/IEEEtran.cls
Document Class: IEEEtran 2015/08/26 V1.8b by Michael Shell
-- See the "IEEEtran_HOWTO" manual for usage information.
-- http://www.michaelshell.org/tex/ieeetran/
\@IEEEtrantmpdimenA=\dimen150
\@IEEEtrantmpdimenB=\dimen151
\@IEEEtrantmpdimenC=\dimen152
\@IEEEtrantmpcountA=\count276
\@IEEEtrantmpcountB=\count277
\@IEEEtrantmpcountC=\count278
\@IEEEtrantmptoksA=\toks17
LaTeX Font Info:    Trying to load font information for OT1+ptm on input line 503.
(/home/afkam/.miktex/texmfs/install/tex/latex/psnfss/ot1ptm.fd
File: ot1ptm.fd 2001/06/04 font definitions for OT1/ptm.
)
-- Using 8.5in x 11in (letter) paper.
-- Using PDF output.
\@IEEEnormalsizeunitybaselineskip=\dimen153
-- This is a 10 point document.
LaTeX Encoding Info:    Redeclaring text command \textunderscore (encoding ?) on input line 937.
\CLASSINFOnormalsizebaselineskip=\dimen154
\CLASSINFOnormalsizeunitybaselineskip=\dimen155
\IEEEnormaljot=\dimen156
LaTeX Font Info:    Font shape `OT1/ptm/bx/n' in size <5> not available
(Font)              Font shape `OT1/ptm/b/n' tried instead on input line 1090.
LaTeX Font Info:    Font shape `OT1/ptm/bx/it' in size <5> not available
(Font)              Font shape `OT1/ptm/b/it' tried instead on input line 1090.
LaTeX Font Info:    Font shape `OT1/ptm/bx/n' in size <7> not available
(Font)              Font shape `OT1/ptm/b/n' tried instead on input line 1090.
LaTeX Font Info:    Font shape `OT1/ptm/bx/it' in size <7> not available
(Font)              Font shape `OT1/ptm/b/it' tried instead on input line 1090.
LaTeX Font Info:    Font shape `OT1/ptm/bx/n' in size <8> not available
(Font)              Font shape `OT1/ptm/b/n' tried instead on input line 1090.
LaTeX Font Info:    Font shape `OT1/ptm/bx/it' in size <8> not available
(Font)              Font shape `OT1/ptm/b/it' tried instead on input line 1090.
LaTeX Font Info:    Font shape `OT1/ptm/bx/n' in size <9> not available
(Font)              Font shape `OT1/ptm/b/n' tried instead on input line 1090.
LaTeX Font Info:    Font shape `OT1/ptm/bx/it' in size <9> not available
(Font)              Font shape `OT1/ptm/b/it' tried instead on input line 1090.
LaTeX Font Info:    Font shape `OT1/ptm/bx/n' in size <10> not available
(Font)              Font shape `OT1/ptm/b/n' tried instead on input line 1090.
LaTeX Font Info:    Font shape `OT1/ptm/bx/it' in size <10> not available
(Font)              Font shape `OT1/ptm/b/it' tried instead on input line 1090.
LaTeX Font Info:    Font shape `OT1/ptm/bx/n' in size <11> not available
(Font)              Font shape `OT1/ptm/b/n' tried instead on input line 1090.
LaTeX Font Info:    Font shape `OT1/ptm/bx/it' in size <11> not available
(Font)              Font shape `OT1/ptm/b/it' tried instead on input line 1090.
LaTeX Font Info:    Font shape `OT1/ptm/bx/n' in size <12> not available
(Font)              Font shape `OT1/ptm/b/n' tried instead on input line 1090.
LaTeX Font Info:    Font shape `OT1/ptm/bx/it' in size <12> not available
(Font)              Font shape `OT1/ptm/b/it' tried instead on input line 1090.
LaTeX Font Info:    Font shape `OT1/ptm/bx/n' in size <17> not available
(Font)              Font shape `OT1/ptm/b/n' tried instead on input line 1090.
LaTeX Font Info:    Font shape `OT1/ptm/bx/it' in size <17> not available
(Font)              Font shape `OT1/ptm/b/it' tried instead on input line 1090.
LaTeX Font Info:    Font shape `OT1/ptm/bx/n' in size <20> not available
(Font)              Font shape `OT1/ptm/b/n' tried instead on input line 1090.
LaTeX Font Info:    Font shape `OT1/ptm/bx/it' in size <20> not available
(Font)              Font shape `OT1/ptm/b/it' tried instead on input line 1090.
LaTeX Font Info:    Font shape `OT1/ptm/bx/n' in size <24> not available
(Font)              Font shape `OT1/ptm/b/n' tried instead on input line 1090.
LaTeX Font Info:    Font shape `OT1/ptm/bx/it' in size <24> not available
(Font)              Font shape `OT1/ptm/b/it' tried instead on input line 1090.
\IEEEquantizedlength=\dimen157
\IEEEquantizedlengthdiff=\dimen158
\IEEEquantizedtextheightdiff=\dimen159
\IEEEilabelindentA=\dimen160
\IEEEilabelindentB=\dimen161
\IEEEilabelindent=\dimen162
\IEEEelabelindent=\dimen163
\IEEEdlabelindent=\dimen164
\IEEElabelindent=\dimen165
\IEEEiednormlabelsep=\dimen166
\IEEEiedmathlabelsep=\dimen167
\IEEEiedtopsep=\skip49
\c@section=\count279
\c@subsection=\count280
\c@subsubsection=\count281
\c@paragraph=\count282
\c@IEEEsubequation=\count283
\abovecaptionskip=\skip50
\belowcaptionskip=\skip51
\c@figure=\count284
\c@table=\count285
\@IEEEeqnnumcols=\count286
\@IEEEeqncolcnt=\count287
\@IEEEsubeqnnumrollback=\count288
\@IEEEquantizeheightA=\dimen168
\@IEEEquantizeheightB=\dimen169
\@IEEEquantizeheightC=\dimen170
\@IEEEquantizeprevdepth=\dimen171
\@IEEEquantizemultiple=\count289
\@IEEEquantizeboxA=\box53
\@IEEEtmpitemindent=\dimen172
\IEEEPARstartletwidth=\dimen173
\c@IEEEbiography=\count290
\@IEEEtranrubishbin=\box54
) (/home/afkam/.miktex/texmfs/install/tex/latex/base/inputenc.sty
Package: inputenc 2024/02/08 v1.3d Input encoding file
\inpenc@prehook=\toks18
\inpenc@posthook=\toks19
) (/home/afkam/.miktex/texmfs/install/tex/latex/cite/cite.sty
LaTeX Info: Redefining \cite on input line 302.
LaTeX Info: Redefining \nocite on input line 332.
Package: cite 2015/02/27  v 5.5
) (/home/afkam/.miktex/texmfs/install/tex/latex/amsmath/amsmath.sty
Package: amsmath 2026/05/19 v2.18d AMS math features
\@mathmargin=\skip52

For additional information on amsmath, use the `?' option.
(/home/afkam/.miktex/texmfs/install/tex/latex/amsmath/amstext.sty
Package: amstext 2024/11/17 v2.01 AMS text
 (/home/afkam/.miktex/texmfs/install/tex/latex/amsmath/amsgen.sty
File: amsgen.sty 1999/11/30 v2.0 generic functions
\@emptytoks=\toks20
\ex@=\dimen174
)) (/home/afkam/.miktex/texmfs/install/tex/latex/amsmath/amsbsy.sty
Package: amsbsy 1999/11/29 v1.2d Bold Symbols
\pmbraise@=\dimen175
) (/home/afkam/.miktex/texmfs/install/tex/latex/amsmath/amsopn.sty
Package: amsopn 2022/04/08 v2.04 operator names
)
\inf@bad=\count291
LaTeX Info: Redefining \frac on input line 233.
\uproot@=\count292
\leftroot@=\count293
LaTeX Info: Redefining \overline on input line 398.
LaTeX Info: Redefining \colon on input line 409.
\classnum@=\count294
\DOTSCASE@=\count295
LaTeX Info: Redefining \ldots on input line 495.
LaTeX Info: Redefining \dots on input line 498.
LaTeX Info: Redefining \cdots on input line 619.
\Mathstrutbox@=\box55
\strutbox@=\box56
LaTeX Info: Redefining \big on input line 721.
LaTeX Info: Redefining \Big on input line 722.
LaTeX Info: Redefining \bigg on input line 723.
LaTeX Info: Redefining \Bigg on input line 724.
\big@size=\dimen176
LaTeX Font Info:    Redeclaring font encoding OML on input line 742.
LaTeX Font Info:    Redeclaring font encoding OMS on input line 743.
\macc@depth=\count296
LaTeX Info: Redefining \bmod on input line 904.
LaTeX Info: Redefining \pmod on input line 909.
LaTeX Info: Redefining \smash on input line 939.
LaTeX Info: Redefining \relbar on input line 969.
LaTeX Info: Redefining \Relbar on input line 970.
\c@MaxMatrixCols=\count297
\dotsspace@=\muskip17
\c@parentequation=\count298
\dspbrk@lvl=\count299
\tag@help=\toks21
\row@=\count300
\column@=\count301
\maxfields@=\count302
\andhelp@=\toks22
\eqnshift@=\dimen177
\alignsep@=\dimen178
\tagshift@=\dimen179
\tagwidth@=\dimen180
\totwidth@=\dimen181
\lineht@=\dimen182
\@envbody=\toks23
\multlinegap=\skip53
\multlinetaggap=\skip54
\mathdisplay@stack=\toks24
LaTeX Info: Redefining \[ on input line 2965.
LaTeX Info: Redefining \] on input line 2966.
) (/home/afkam/.miktex/texmfs/install/tex/latex/amsfonts/amssymb.sty
Package: amssymb 2013/01/14 v3.01 AMS font symbols
 (/home/afkam/.miktex/texmfs/install/tex/latex/amsfonts/amsfonts.sty
Package: amsfonts 2013/01/14 v3.01 Basic AMSFonts support
\symAMSa=\mathgroup4
\symAMSb=\mathgroup5
LaTeX Font Info:    Redeclaring math symbol \hbar on input line 98.
LaTeX Font Info:    Overwriting math alphabet `\mathfrak' in version `bold'
(Font)                  U/euf/m/n --> U/euf/b/n on input line 106.
)) (/home/afkam/.miktex/texmfs/install/tex/latex/graphics/graphicx.sty
Package: graphicx 2026-05-17 v1.2e Enhanced LaTeX Graphics (DPC,SPQR)
 (/home/afkam/.miktex/texmfs/install/tex/latex/graphics/keyval.sty
Package: keyval 2026-05-17 v1.15 key=value parser (DPC)
\KV@toks@=\toks25
) (/home/afkam/.miktex/texmfs/install/tex/latex/graphics/graphics.sty
Package: graphics 2026-05-17 v1.4h Standard LaTeX Graphics (DPC,SPQR)
 (/home/afkam/.miktex/texmfs/install/tex/latex/graphics/trig.sty
Package: trig 2023/12/02 v1.11 sin cos tan (DPC)
) (/home/afkam/.miktex/texmfs/install/tex/latex/graphics-cfg/graphics.cfg
File: graphics.cfg 2016/06/04 v1.11 sample graphics configuration
)
Package graphics Info: Driver file: pdftex.def on input line 106.
 (/home/afkam/.miktex/texmfs/install/tex/latex/graphics-def/pdftex.def
File: pdftex.def 2025/09/29 v1.2d Graphics/color driver for pdftex
))
\Gin@req@height=\dimen183
\Gin@req@width=\dimen184
) (/home/afkam/.miktex/texmfs/install/tex/latex/base/textcomp.sty
Package: textcomp 2024/04/24 v2.1b Standard LaTeX package
) (/home/afkam/.miktex/texmfs/install/tex/latex/xcolor/xcolor.sty
Package: xcolor 2024/09/29 v3.02 LaTeX color extensions (UK)
 (/home/afkam/.miktex/texmfs/install/tex/latex/graphics-cfg/color.cfg
File: color.cfg 2016/01/02 v1.6 sample color configuration
)
Package xcolor Info: Driver file: pdftex.def on input line 274.
 (/home/afkam/.miktex/texmfs/install/tex/latex/graphics/mathcolor.ltx)
Package xcolor Info: Model `cmy' substituted by `cmy0' on input line 1349.
Package xcolor Info: Model `hsb' substituted by `rgb' on input line 1353.
Package xcolor Info: Model `RGB' extended on input line 1365.
Package xcolor Info: Model `HTML' substituted by `rgb' on input line 1367.
Package xcolor Info: Model `Hsb' substituted by `hsb' on input line 1368.
Package xcolor Info: Model `tHsb' substituted by `hsb' on input line 1369.
Package xcolor Info: Model `HSB' substituted by `hsb' on input line 1370.
Package xcolor Info: Model `Gray' substituted by `gray' on input line 1371.
Package xcolor Info: Model `wave' substituted by `hsb' on input line 1372.
) (/home/afkam/.miktex/texmfs/install/tex/latex/float/float.sty
Package: float 2001/11/08 v1.3d Float enhancements (AL)
\c@float@type=\count303
\float@exts=\toks26
\float@box=\box57
\@float@everytoks=\toks27
\@floatcapt=\box58
) (/home/afkam/.miktex/texmfs/install/tex/latex/caption/caption.sty
Package: caption 2023/08/05 v3.6o Customizing captions (AR)
 (/home/afkam/.miktex/texmfs/install/tex/latex/caption/caption3.sty
Package: caption3 2023/07/31 v2.4d caption3 kernel (AR)
\caption@tempdima=\dimen185
\captionmargin=\dimen186
\caption@leftmargin=\dimen187
\caption@rightmargin=\dimen188
\caption@width=\dimen189
\caption@indent=\dimen190
\caption@parindent=\dimen191
\caption@hangindent=\dimen192
Package caption Info: Unknown document class (or package),
(caption)             standard defaults will be used.
Package caption Info: \@makecaption = \long macro:#1#2->\ifx \@captype \@IEEEtablestring \footnotesize \bgroup \par \centering \@IEEEtabletopskipstrut {\normalfont \footnotesize #1}\\{\normalfont \footnotesize \scshape #2}\par \addvspace {0.5\baselineskip }\egroup \@IEEEtablecaptionsepspace \else \@IEEEfigurecaptionsepspace \setbox \@tempboxa \hbox {\normalfont \footnotesize {#1.}\nobreakspace \nobreakspace #2}\ifdim \wd \@tempboxa >\hsize \setbox \@tempboxa \hbox {\normalfont \footnotesize {#1.}\nobreakspace \nobreakspace }\parbox [t]{\hsize }{\normalfont \footnotesize \noindent \unhbox \@tempboxa #2}\else \ifCLASSOPTIONconference \hbox to\hsize {\normalfont \footnotesize \hfil \box \@tempboxa \hfil }\else \hbox to\hsize {\normalfont \footnotesize \box \@tempboxa \hfil }\fi \fi \fi  on input line 1175.
)

Package caption Warning: Unknown document class (or package),
(caption)                standard defaults will be used.
See the caption package documentation for explanation.

\c@caption@flags=\count304
\c@continuedfloat=\count305
Package caption Info: float package is loaded.
) (/home/afkam/.miktex/texmfs/install/tex/latex/tools/afterpage.sty
Package: afterpage 2023/07/04 v1.08 After-Page Package (DPC)
\AP@output=\toks28
\AP@partial=\box59
\AP@footins=\box60
) (/home/afkam/.miktex/texmfs/install/tex/latex/pdfpages/pdfpages.sty
Package: pdfpages 2026/03/30 v0.6h Insert pages of external PDF documents (AM)
 (/home/afkam/.miktex/texmfs/install/tex/latex/base/ifthen.sty
Package: ifthen 2024/03/16 v1.1e Standard LaTeX ifthen package (DPC)
) (/home/afkam/.miktex/texmfs/install/tex/latex/tools/calc.sty
Package: calc 2025/03/01 v4.3b Infix arithmetic (KKT,FJ)
\calc@Acount=\count306
\calc@Bcount=\count307
\calc@Adimen=\dimen193
\calc@Bdimen=\dimen194
\calc@Askip=\skip55
\calc@Bskip=\skip56
LaTeX Info: Redefining \setlength on input line 86.
LaTeX Info: Redefining \addtolength on input line 87.
\calc@Ccount=\count308
\calc@Cskip=\skip57
) (/home/afkam/.miktex/texmfs/install/tex/latex/eso-pic/eso-pic.sty
Package: eso-pic 2026/05/31 v3.0e eso-pic (RN)
\ESO@tempdima=\dimen195
\ESO@tempdimb=\dimen196
) (/home/afkam/.miktex/texmfs/install/tex/latex/etoolbox/etoolbox.sty
Package: etoolbox 2025/10/02 v2.5m e-TeX tools for LaTeX (JAW)
\etb@tempcnta=\count309
)
\AM@pagewidth=\dimen197
\AM@pageheight=\dimen198
\AM@fboxrule=\dimen199
 (/home/afkam/.miktex/texmfs/install/tex/latex/pdfpages/pppdftex.def
File: pppdftex.def 2026/03/30 v0.6h Pdfpages driver for pdfTeX (AM)
)
\pdfpages@includegraphics@status=\count310
\AM@pagebox=\box61
\AM@global@opts=\toks29
\AM@pagecnt=\count311
\AM@toc@title=\toks30
\AM@lof@heading=\toks31
\c@AM@survey=\count312
\AM@templatesizebox=\box62
) (/home/afkam/.miktex/texmfs/install/tex/latex/tools/verbatim.sty
Package: verbatim 2024-01-22 v1.5x LaTeX2e package for verbatim enhancements
\every@verbatim=\toks32
\verbatim@line=\toks33
\verbatim@in@stream=\read2
) (/home/afkam/.miktex/texmfs/install/tex/latex/listings/listings.sty
\lst@mode=\count313
\lst@gtempboxa=\box63
\lst@token=\toks34
\lst@length=\count314
\lst@currlwidth=\dimen256
\lst@column=\count315
\lst@pos=\count316
\lst@lostspace=\dimen257
\lst@width=\dimen258
\lst@newlines=\count317
\lst@lineno=\count318
\lst@maxwidth=\dimen259
 (/home/afkam/.miktex/texmfs/install/tex/latex/listings/lstpatch.sty
File: lstpatch.sty 2025/11/14 1.11b (Carsten Heinz)
) (/home/afkam/.miktex/texmfs/install/tex/latex/listings/lstmisc.sty
File: lstmisc.sty 2025/11/14 1.11b (Carsten Heinz)
\c@lstnumber=\count319
\lst@skipnumbers=\count320
\lst@framebox=\box64
) (/home/afkam/.miktex/texmfs/install/tex/latex/listings/listings.cfg
File: listings.cfg 2025/11/14 1.11b listings configuration
))
Package: listings 2025/11/14 1.11b (Carsten Heinz)
 (/home/afkam/.miktex/texmfs/install/tex/latex/l3kernel/l3backend-pdftex.def
File: l3backend-pdftex.def 2026-08-10 L3 backend support: PDF output (pdfTeX)
\l__color_backend_stack_int=\count321
) (SIGAP.aux)
\openout1 = `SIGAP.aux'.

LaTeX Font Info:    Checking defaults for OML/cmm/m/it on input line 19.
LaTeX Font Info:    ... okay on input line 19.
LaTeX Font Info:    Checking defaults for OMS/cmsy/m/n on input line 19.
LaTeX Font Info:    ... okay on input line 19.
LaTeX Font Info:    Checking defaults for OT1/cmr/m/n on input line 19.
LaTeX Font Info:    ... okay on input line 19.
LaTeX Font Info:    Checking defaults for T1/cmr/m/n on input line 19.
LaTeX Font Info:    ... okay on input line 19.
LaTeX Font Info:    Checking defaults for TS1/cmr/m/n on input line 19.
LaTeX Font Info:    ... okay on input line 19.
LaTeX Font Info:    Checking defaults for OMX/cmex/m/n on input line 19.
LaTeX Font Info:    ... okay on input line 19.
LaTeX Font Info:    Checking defaults for U/cmr/m/n on input line 19.
LaTeX Font Info:    ... okay on input line 19.

-- Lines per column: 56 (exact).
(/home/afkam/.miktex/texmfs/install/tex/context/base/mkii/supp-pdf.mkii
[Loading MPS to PDF converter (version 2006.09.02).]
\scratchcounter=\count322
\scratchdimen=\dimen260
\scratchbox=\box65
\nofMPsegments=\count323
\nofMParguments=\count324
\everyMPshowfont=\toks35
\MPscratchCnt=\count325
\MPscratchDim=\dimen261
\MPnumerator=\count326
\makeMPintoPDFobject=\count327
\everyMPtoPDFconversion=\toks36
) (/home/afkam/.miktex/texmfs/install/tex/latex/epstopdf-pkg/epstopdf-base.sty
Package: epstopdf-base 2020-01-24 v2.11 Base part for package epstopdf
Package epstopdf-base Info: Redefining graphics rule for `.eps' on input line 485.
 (/home/afkam/.miktex/texmfs/install/tex/latex/00miktex/epstopdf-sys.cfg
File: epstopdf-sys.cfg 2021/03/18 v2.0 Configuration of epstopdf for MiKTeX
))
Package caption Info: Begin \AtBeginDocument code.
Package caption Info: listings package is loaded.
Package caption Info: End \AtBeginDocument code.
 (/home/afkam/.miktex/texmfs/install/tex/latex/pdflscape/pdflscape.sty
Package: pdflscape 2022-10-27 v0.13 Display of landscape pages in PDF
 (/home/afkam/.miktex/texmfs/install/tex/latex/pdflscape/pdflscape-nometadata.sty
Package: pdflscape-nometadata 2022-10-28 v0.13 Display of landscape pages in PDF (HO)
 (/home/afkam/.miktex/texmfs/install/tex/generic/iftex/iftex.sty
Package: iftex 2024/12/12 v1.0g TeX engine tests
) (/home/afkam/.miktex/texmfs/install/tex/latex/graphics/lscape.sty
Package: lscape 2020/05/28 v3.02 Landscape Pages (DPC)
)
Package pdflscape Info: Auto-detected driver: pdftex on input line 81.
))
\c@lstlisting=\count328
<pens_logo.png, id=1, 439.6425pt x 419.5675pt>
File: pens_logo.png Graphic file (type png)
<use pens_logo.png>
Package pdftex.def Info: pens_logo.png  used on input line 39.
(pdftex.def)             Requested size: 213.39566pt x 203.65004pt.
 [0



{/home/afkam/.miktex/texmfs/data/fonts/map/pdftex/pdftex.map}{/home/afkam/.miktex/texmfs/install/fonts/enc/dvips/base/8r.enc} <./pens_logo.png (PNG copy)>]

LaTeX Warning: No \author given.


LaTeX Warning: No \author given.


LaTeX Warning: No \author given.

LaTeX Font Info:    Trying to load font information for U+msa on input line 76.
(/home/afkam/.miktex/texmfs/install/tex/latex/amsfonts/umsa.fd
File: umsa.fd 2013/01/14 v3.01 AMS symbols A
)
LaTeX Font Info:    Trying to load font information for U+msb on input line 76.
 (/home/afkam/.miktex/texmfs/install/tex/latex/amsfonts/umsb.fd
File: umsb.fd 2013/01/14 v3.01 AMS symbols B
)
Underfull \hbox (badness 3460) in paragraph at lines 75--77
\OT1/ptm/b/n/10 Bahasa Indonesia untuk rekomendasi kategori dan
 []


Underfull \hbox (badness 6063) in paragraph at lines 75--77
\OT1/ptm/b/n/10 keputusan admin. Keandalan sistem diuji melalui
 []


Underfull \hbox (badness 7595) in paragraph at lines 80--82
\OT1/ptm/b/n/10 Index Terms--- \OT1/ptm/m/n/10 Perundungan Pelajar, SIGAP, Sistem
 []


Underfull \hbox (badness 2894) in paragraph at lines 85--86
\OT1/ptm/m/n/10 pengukuran \OT1/ptm/m/it/10 cyberbullying \OT1/ptm/m/n/10 pada anak dan remaja, yang
 []


Underfull \hbox (badness 3009) in paragraph at lines 85--86
\OT1/ptm/m/n/10 dalam lingkungan digital [1]. Penelitian Amanatin dan
 []


Underfull \hbox (badness 6252) in paragraph at lines 87--88
\OT1/ptm/m/n/10 yang dapat membantu siswa menyampaikan informasi
 []


Underfull \hbox (badness 6961) in paragraph at lines 89--90
\OT1/ptm/m/n/10 dengan berbagai permasalahan kesehatan mental pada
 []


Underfull \hbox (badness 2875) in paragraph at lines 89--90
\OT1/ptm/m/n/10 anak dan remaja [4]. Sementara itu, Evangelio et al.
 []


Underfull \hbox (badness 3039) in paragraph at lines 91--92
[]\OT1/ptm/m/n/10 Berdasarkan permasalahan tersebut, diperlukan sebuah
 []


Underfull \hbox (badness 3668) in paragraph at lines 91--92
\OT1/ptm/m/n/10 sistem informasi yang dapat menjadi media pelaporan
 []


Underfull \hbox (badness 10000) in paragraph at lines 91--92
\OT1/ptm/m/n/10 sekaligus membantu proses pengelolaan pengaduan
 []


Underfull \hbox (badness 1521) in paragraph at lines 91--92
\OT1/ptm/m/n/10 untuk menyediakan mekanisme pelaporan secara anonim
 []


Underfull \hbox (badness 5217) in paragraph at lines 91--92
\OT1/ptm/m/n/10 kategori berdasarkan isi laporan dan mengelompokkan
 []

[1




]
Underfull \hbox (badness 2635) in paragraph at lines 99--100
[]\OT1/ptm/m/n/8 E. L. Amanatin and B. Sekarningrum, ``Causes and Forms of
 []


Underfull \hbox (badness 2762) in paragraph at lines 99--100
\OT1/ptm/m/n/8 of Jakarta, Bandung and Surabaya,'' \OT1/ptm/m/it/8 JISPO Jurnal Ilmu Sosial
 []


Underfull \hbox (badness 6316) in paragraph at lines 99--100
\OT1/ptm/m/it/8 dan Ilmu Politik\OT1/ptm/m/n/8 , vol. 13, no. 2, pp. 233--254, 2024, doi:
 []


Underfull \hbox (badness 1728) in paragraph at lines 105--106
[]\OT1/ptm/m/n/8 C. Li, P. Wang, M. Martin-Moratinos, M. Bella-Fern[]andez, and
 []


Underfull \hbox (badness 2990) in paragraph at lines 108--109
[]\OT1/ptm/m/n/8 C. Evangelio, P. Rodr[]^^Pguez-Gonz[]alez, J. Fern[]andez-R[]^^Po, and S.
 []

[2

] (/home/afkam/.miktex/texmfs/install/tex/latex/listings/lstlang1.sty
File: lstlang1.sty 2025/11/14 1.11b listings language file
) (/home/afkam/.miktex/texmfs/install/tex/latex/listings/lstlang2.sty
File: lstlang2.sty 2025/11/14 1.11b listings language file
) (/home/afkam/.miktex/texmfs/install/tex/latex/listings/lstlang3.sty
File: lstlang3.sty 2025/11/14 1.11b listings language file
) (/home/afkam/.miktex/texmfs/install/tex/latex/listings/lstlang1.sty
File: lstlang1.sty 2025/11/14 1.11b listings language file
) (/home/afkam/.miktex/texmfs/install/tex/latex/listings/lstlang2.sty
File: lstlang2.sty 2025/11/14 1.11b listings language file
) (/home/afkam/.miktex/texmfs/install/tex/latex/listings/lstlang3.sty
File: lstlang3.sty 2025/11/14 1.11b listings language file
) (/home/afkam/.miktex/texmfs/install/tex/latex/listings/lstlang1.sty
File: lstlang1.sty 2025/11/14 1.11b listings language file
) (/home/afkam/.miktex/texmfs/install/tex/latex/listings/lstlang2.sty
File: lstlang2.sty 2025/11/14 1.11b listings language file
) (/home/afkam/.miktex/texmfs/install/tex/latex/listings/lstlang3.sty
File: lstlang3.sty 2025/11/14 1.11b listings language file
) (/home/afkam/.miktex/texmfs/install/tex/latex/listings/lstmisc.sty
File: lstmisc.sty 2025/11/14 1.11b (Carsten Heinz)
)
LaTeX Font Info:    Trying to load font information for OT1+pcr on input line 142.
 (/home/afkam/.miktex/texmfs/install/tex/latex/psnfss/ot1pcr.fd
File: ot1pcr.fd 2001/06/04 font definitions for OT1/pcr.
) (SIGAP-source.tex
LaTeX Font Info:    Font shape `OT1/pcr/m/it' in size <8> not available
(Font)              Font shape `OT1/pcr/m/sl' tried instead on input line 3.
 [3


]
LaTeX Font Info:    Trying to load font information for TS1+pcr on input line 76.
 (/home/afkam/.miktex/texmfs/install/tex/latex/psnfss/ts1pcr.fd
File: ts1pcr.fd 2001/06/04 font definitions for TS1/pcr.
)
Underfull \vbox (badness 10000) has occurred while \output is active []

 [4]
Underfull \vbox (badness 10000) has occurred while \output is active []

 [5]
Underfull \vbox (badness 10000) has occurred while \output is active []

 [6]
Underfull \vbox (badness 10000) has occurred while \output is active []

 [7]) [8]
<New_Arsitektur_Sistem.png, id=39, 4747.7375pt x 3386.6525pt>
File: New_Arsitektur_Sistem.png Graphic file (type png)
<use New_Arsitektur_Sistem.png>
Package pdftex.def Info: New_Arsitektur_Sistem.png  used on input line 153.
(pdftex.def)             Requested size: 515.95007pt x 368.03711pt.
 [9

 <./New_Arsitektur_Sistem.png>]
<Desain Sistem/DesainSistem_SIGAP.png, id=45, 1135.24126pt x 1284.8pt>
File: Desain Sistem/DesainSistem_SIGAP.png Graphic file (type png)
<use Desain Sistem/DesainSistem_SIGAP.png>
Package pdftex.def Info: Desain Sistem/DesainSistem_SIGAP.png  used on input line 165.
(pdftex.def)             Requested size: 427.51595pt x 483.83768pt.
 [10

 <./Desain Sistem/DesainSistem_SIGAP.png>]
<Frontend_image/OnBoardingUser_SIGAP.png, id=49, 2569.6pt x 1746.525pt>
File: Frontend_image/OnBoardingUser_SIGAP.png Graphic file (type png)
<use Frontend_image/OnBoardingUser_SIGAP.png>
Package pdftex.def Info: Frontend_image/OnBoardingUser_SIGAP.png  used on input line 179.
(pdftex.def)             Requested size: 247.64334pt x 168.32008pt.
<Frontend_image/DashboardUser_SIGAP.png, id=50, 2569.6pt x 2719.15875pt>
File: Frontend_image/DashboardUser_SIGAP.png Graphic file (type png)
<use Frontend_image/DashboardUser_SIGAP.png>
Package pdftex.def Info: Frontend_image/DashboardUser_SIGAP.png  used on input line 185.
(pdftex.def)             Requested size: 247.64334pt x 262.05696pt.
<Frontend_image/FormulirPengaduanUser_SIGAP.png, id=51, 2569.6pt x 3065.4525pt>
File: Frontend_image/FormulirPengaduanUser_SIGAP.png Graphic file (type png)
<use Frontend_image/FormulirPengaduanUser_SIGAP.png>
Package pdftex.def Info: Frontend_image/FormulirPengaduanUser_SIGAP.png  used on input line 193.
(pdftex.def)             Requested size: 236.54723pt x 282.19345pt.
<Frontend_image/LacakStatusLaporanUser_SIGAP.png, id=52, 2569.6pt x 3067.46pt>
File: Frontend_image/LacakStatusLaporanUser_SIGAP.png Graphic file (type png)
<use Frontend_image/LacakStatusLaporanUser_SIGAP.png>
Package pdftex.def Info: Frontend_image/LacakStatusLaporanUser_SIGAP.png  used on input line 199.
(pdftex.def)             Requested size: 236.4296pt x 282.23782pt.
<Frontend_image/OnBoardingAdmin_SIGAP.png, id=53, 2569.6pt x 2304.61pt>
File: Frontend_image/OnBoardingAdmin_SIGAP.png Graphic file (type png)
<use Frontend_image/OnBoardingAdmin_SIGAP.png>
Package pdftex.def Info: Frontend_image/OnBoardingAdmin_SIGAP.png  used on input line 207.
(pdftex.def)             Requested size: 247.64334pt x 222.10512pt.
<Frontend_image/DashboardAdmin_SIGAP.png, id=54, 2569.6pt x 2945.0025pt>
File: Frontend_image/DashboardAdmin_SIGAP.png Graphic file (type png)
<use Frontend_image/DashboardAdmin_SIGAP.png>
Package pdftex.def Info: Frontend_image/DashboardAdmin_SIGAP.png  used on input line 213.
(pdftex.def)             Requested size: 246.23181pt x 282.20474pt.

Underfull \vbox (badness 10000) has occurred while \output is active []

 [11

 <./Frontend_image/OnBoardingUser_SIGAP.png> <./Frontend_image/DashboardUser_SIGAP.png> <./Frontend_image/FormulirPengaduanUser_SIGAP.png> <./Frontend_image/LacakStatusLaporanUser_SIGAP.png>]
<Frontend_image/DaftarLaporanMasukAdmin_SIGAP.png, id=62, 2569.6pt x 3120.65875pt>
File: Frontend_image/DaftarLaporanMasukAdmin_SIGAP.png Graphic file (type png)
<use Frontend_image/DaftarLaporanMasukAdmin_SIGAP.png>
Package pdftex.def Info: Frontend_image/DaftarLaporanMasukAdmin_SIGAP.png  used on input line 221.
(pdftex.def)             Requested size: 232.39108pt x 282.22807pt.
<Frontend_image/StatusLaporanAdmin_SIGAP.png, id=63, 2569.6pt x 2120.92375pt>
File: Frontend_image/StatusLaporanAdmin_SIGAP.png Graphic file (type png)
<use Frontend_image/StatusLaporanAdmin_SIGAP.png>
Package pdftex.def Info: Frontend_image/StatusLaporanAdmin_SIGAP.png  used on input line 227.
(pdftex.def)             Requested size: 247.64334pt x 204.40248pt.
<Frontend_image/JejakAuditAdmin_SIGAP.png, id=64, 2569.6pt x 2836.5975pt>
File: Frontend_image/JejakAuditAdmin_SIGAP.png Graphic file (type png)
<use Frontend_image/JejakAuditAdmin_SIGAP.png>
Package pdftex.def Info: Frontend_image/JejakAuditAdmin_SIGAP.png  used on input line 235.
(pdftex.def)             Requested size: 247.64334pt x 273.37503pt.


** Conference Paper **
Before submitting the final camera ready copy, remember to:

 1. Manually equalize the lengths of two columns on the last page
 of your paper;

 2. Ensure that any PostScript and/or PDF output post-processing
 uses only Type 1 fonts and that every step in the generation
 process uses the appropriate paper size.


Underfull \vbox (badness 10000) has occurred while \output is active []

 [12 <./Frontend_image/OnBoardingAdmin_SIGAP.png> <./Frontend_image/DashboardAdmin_SIGAP.png> <./Frontend_image/DaftarLaporanMasukAdmin_SIGAP.png> <./Frontend_image/StatusLaporanAdmin_SIGAP.png>] [13 <./Frontend_image/JejakAuditAdmin_SIGAP.png>] (SIGAP.aux)
 ***********
LaTeX2e <2026-06-01>
L3 programming layer <2026-08-10>
 ***********
 ) 
Here is how much of TeX's memory you used:
 10560 strings out of 469378
 167448 string characters out of 5459632
 1626297 words of memory out of 5000000
 39498 multiletter control sequences out of 15000+600000
 669585 words of font info for 115 fonts, out of 8000000 for 9000
 0 hyphenation exceptions out of 8191
 67i,8n,73p,1826b,2979s stack positions out of 10000i,1000n,20000p,200000b,200000s
</home/afkam/.miktex/texmfs/install/fonts/type1/public/amsfonts/cm/cmmi10.pfb></home/afkam/.miktex/texmfs/install/fonts/type1/urw/courier/ucrb8a.pfb></home/afkam/.miktex/texmfs/install/fonts/type1/urw/courier/ucrr8a.pfb></home/afkam/.miktex/texmfs/install/fonts/type1/urw/courier/ucrro8a.pfb></home/afkam/.miktex/texmfs/install/fonts/type1/urw/times/utmb8a.pfb></home/afkam/.miktex/texmfs/install/fonts/type1/urw/times/utmbi8a.pfb></home/afkam/.miktex/texmfs/install/fonts/type1/urw/times/utmr8a.pfb></home/afkam/.miktex/texmfs/install/fonts/type1/urw/times/utmri8a.pfb>
Output written on SIGAP.pdf (14 pages, 7670877 bytes).
PDF statistics:
 112 PDF objects out of 1000 (max. 8388607)
 0 named destinations out of 1000 (max. 500000)
 61 words of extra memory for PDF output out of 10000 (max. 10000000)

